
Efinity Interface Designer Timing Report
Version: 2024.2.294
Date: 2025-07-12 12:23

Copyright (C) 2013 - 2024 Efinix Inc. All rights reserved.

Device: T120F324
Project: dct_uart
Timing Model: C3 (final)

---------- 1. PLL Timing Report (begin) ----------

+--------------+----------+-----------------+--------------------------+----------+-------------------+---------------------------------+---------------------------------+
| PLL Instance | Resource | Reference Clock | Core Clock Reference Pin | FB Mode  | Core Feedback Pin | PLL Compensation Delay Max (ns) | PLL Compensation Delay Min (ns) |
+--------------+----------+-----------------+--------------------------+----------+-------------------+---------------------------------+---------------------------------+
|  pll_inst1   | PLL_TR0  |     external    |                          | internal |                   |               N/A               |               N/A               |
+--------------+----------+-----------------+--------------------------+----------+-------------------+---------------------------------+---------------------------------+

+-------+-------------+-----------------------+
| Clock | Period (ns) | Phase Shift (degrees) |
+-------+-------------+-----------------------+
|  clk  |    16.668   |           0           |
+-------+-------------+-----------------------+

---------- PLL Timing Report (end) ----------

---------- 2. GPIO Timing Report (begin) ----------

Non-registered GPIO Configuration:
===================================

+---------------+----------+-----------+----------+----------+
| Instance Name | Pin Name | Parameter | Max (ns) | Min (ns) |
+---------------+----------+-----------+----------+----------+
|     clk_in    |  clk_in  |  GPIO_IN  |  1.919   |  0.738   |
+---------------+----------+-----------+----------+----------+

---------- GPIO Timing Report (end) ----------

---------- 3. LVDS Rx Timing Report (begin) ----------

Non-registered LVDS GPIO Configuration:
========================================

+---------------+-------------+-----------+----------+----------+
| Instance Name |   Pin Name  | Parameter | Max (ns) | Min (ns) |
+---------------+-------------+-----------+----------+----------+
|  uart_rx_pin  | uart_rx_pin |  GPIO_IN  |  2.228   |  0.857   |
|  uart_tx_pin  | uart_tx_pin |  GPIO_OUT |  4.605   |  1.771   |
+---------------+-------------+-----------+----------+----------+

---------- LVDS Rx Timing Report (end) ----------
